warning: unused import: `HashMap`
 --> crates\craft-agent-autopilot\src\anomaly.rs:4:24
  |
4 | use std::collections::{HashMap, HashSet};
  |                        ^^^^^^^
  |
  = note: `#[warn(unused_imports)]` (part of `#[warn(unused)]`) on by default

warning: unused import: `std::collections::HashMap`
 --> crates\craft-agent-autopilot\src\experiment.rs:5:5
  |
5 | use std::collections::HashMap;
  |     ^^^^^^^^^^^^^^^^^^^^^^^^^

warning: unused import: `std::path::Path`
 --> crates\craft-agent-autopilot\src\experiment.rs:6:5
  |
6 | use std::path::Path;
  |     ^^^^^^^^^^^^^^^

warning: unused import: `std::time::Duration`
 --> crates\craft-agent-autopilot\src\experiment.rs:8:5
  |
8 | use std::time::Duration;
  |     ^^^^^^^^^^^^^^^^^^^

warning: unused import: `std::path::Path`
 --> crates\craft-agent-autopilot\src\git.rs:4:5
  |
4 | use std::path::Path;
  |     ^^^^^^^^^^^^^^^

warning: unused import: `Path`
 --> crates\craft-agent-autopilot\src\knowledge.rs:6:17
  |
6 | use std::path::{Path, PathBuf};
  |                 ^^^^

warning: unused import: `crate::hypothesis::Hypothesis`
 --> crates\craft-agent-autopilot\src\orchestrator.rs:6:5
  |
6 | use crate::hypothesis::Hypothesis;
  |     ^^^^^^^^^^^^^^^^^^^^^^^^^^^^^

warning: unused import: `serde::Deserialize`
 --> crates\craft-agent-autopilot\src\web_research.rs:4:5
  |
4 | use serde::Deserialize;
  |     ^^^^^^^^^^^^^^^^^^

warning: unused variable: `query`
  --> crates\craft-agent-autopilot\src\web_research.rs:63:23
   |
63 |     fn search_general(query: &str) -> Result<Vec<ResearchResult>> {
   |                       ^^^^^ help: if this is intentional, prefix it with an underscore: `_query`
   |
   = note: `#[warn(unused_variables)]` (part of `#[warn(unused)]`) on by default

warning: enum `NextAction` is never used
 --> crates\craft-agent-autopilot\src\decision.rs:4:10
  |
4 | pub enum NextAction {
  |          ^^^^^^^^^^
  |
  = note: `#[warn(dead_code)]` (part of `#[warn(unused)]`) on by default

warning: struct `DecisionEngine` is never constructed
  --> crates\craft-agent-autopilot\src\decision.rs:12:12
   |
12 | pub struct DecisionEngine;
   |            ^^^^^^^^^^^^^^

warning: associated function `decide` is never used
  --> crates\craft-agent-autopilot\src\decision.rs:15:12
   |
14 | impl DecisionEngine {
   | ------------------- associated function in this implementation
15 |     pub fn decide(
   |            ^^^^^^

warning: field `round_id` is never read
  --> crates\craft-agent-autopilot\src\event_log.rs:74:5
   |
73 | pub struct EventLog {
   |            -------- field in this struct
74 |     round_id: u64,
   |     ^^^^^^^^
   |
   = note: `EventLog` has a derived impl for the trait `Clone`, but this is intentionally ignored during dead code analysis

warning: fields `hypothesis`, `build_ok`, `test_ok`, `reverted`, and `reason` are never read
   --> crates\craft-agent-autopilot\src\experiment.rs:119:9
    |
118 | pub struct ExperimentResult {
    |            ---------------- fields in this struct
119 |     pub hypothesis: Hypothesis,
    |         ^^^^^^^^^^
120 |     pub build_ok: bool,
    |         ^^^^^^^^
121 |     pub test_ok: bool,
    |         ^^^^^^^
122 |     pub improved: bool,
123 |     pub reverted: bool,
    |         ^^^^^^^^
124 |     pub reason: String,
    |         ^^^^^^
    |
    = note: `ExperimentResult` has a derived impl for the trait `Debug`, but this is intentionally ignored during dead code analysis

warning: function `revert_last` is never used
  --> crates\craft-agent-autopilot\src\git.rs:23:8
   |
23 | pub fn revert_last() -> Result<()> {
   |        ^^^^^^^^^^^

warning: function `diff` is never used
  --> crates\craft-agent-autopilot\src\git.rs:28:8
   |
28 | pub fn diff() -> Result<String> {
   |        ^^^^

warning: function `status` is never used
  --> crates\craft-agent-autopilot\src\git.rs:33:8
   |
33 | pub fn status() -> Result<String> {
   |        ^^^^^^

warning: field `prediction` is never read
 --> crates\craft-agent-autopilot\src\hypothesis.rs:6:9
  |
4 | pub struct Hypothesis {
  |            ---------- field in this struct
5 |     pub cause: String,
6 |     pub prediction: String,
  |         ^^^^^^^^^^
  |
  = note: `Hypothesis` has derived impls for the traits `Clone` and `Debug`, but these are intentionally ignored during dead code analysis

warning: method `summary` is never used
  --> crates\craft-agent-autopilot\src\hypothesis.rs:13:12
   |
12 | impl Hypothesis {
   | --------------- method in this implementation
13 |     pub fn summary(&self) -> String {
   |            ^^^^^^^

warning: method `len` is never used
  --> crates\craft-agent-autopilot\src\knowledge.rs:85:12
   |
25 | impl KnowledgeBase {
   | ------------------ method in this implementation
...
85 |     pub fn len(&self) -> usize {
   |            ^^^

warning: struct `BotSnapshot` is never constructed
 --> crates\craft-agent-autopilot\src\monitor.rs:7:12
  |
7 | pub struct BotSnapshot {
  |            ^^^^^^^^^^^

warning: field `sources` is never read
  --> crates\craft-agent-autopilot\src\monitor.rs:24:5
   |
23 | pub struct ConsistencyEngine {
   |            ----------------- field in this struct
24 |     sources: Vec<SourceReliability>,
   |     ^^^^^^^

warning: methods `cross_validate`, `consistent`, `degrade_source`, and `active_sources` are never used
  --> crates\craft-agent-autopilot\src\monitor.rs:38:12
   |
27 | impl ConsistencyEngine {
   | ---------------------- methods in this implementation
...
38 |     pub fn cross_validate(&self, snapshots: &[BotSnapshot]) -> ValidationResult {
   |            ^^^^^^^^^^^^^^
...
59 |     fn consistent(&self, a: &BotSnapshot, b: &BotSnapshot) -> bool {
   |        ^^^^^^^^^^
...
80 |     pub fn degrade_source(&mut self, name: &str) {
   |            ^^^^^^^^^^^^^^
...
86 |     pub fn active_sources(&self) -> Vec<&SourceReliability> {
   |            ^^^^^^^^^^^^^^

warning: enum `ValidationResult` is never used
  --> crates\craft-agent-autopilot\src\monitor.rs:92:10
   |
92 | pub enum ValidationResult {
   |          ^^^^^^^^^^^^^^^^

warning: function `poll_viewer` is never used
  --> crates\craft-agent-autopilot\src\monitor.rs:99:8
   |
99 | pub fn poll_viewer(addr: &str) -> Result<BotSnapshot> {
   |        ^^^^^^^^^^^

warning: field `consistency_engine` is never read
  --> crates\craft-agent-autopilot\src\orchestrator.rs:22:5
   |
15 | pub struct Orchestrator {
   |            ------------ field in this struct
...
22 |     consistency_engine: ConsistencyEngine,
   |     ^^^^^^^^^^^^^^^^^^

warning: struct `ResearchResult` is never constructed
 --> crates\craft-agent-autopilot\src\web_research.rs:7:12
  |
7 | pub struct ResearchResult {
  |            ^^^^^^^^^^^^^^

warning: struct `WebResearch` is never constructed
  --> crates\craft-agent-autopilot\src\web_research.rs:14:12
   |
14 | pub struct WebResearch;
   |            ^^^^^^^^^^^

warning: associated functions `search`, `search_mindcraft`, and `search_general` are never used
  --> crates\craft-agent-autopilot\src\web_research.rs:17:12
   |
16 | impl WebResearch {
   | ---------------- associated functions in this implementation
17 |     pub fn search(query: &str) -> Result<Vec<ResearchResult>> {
   |            ^^^^^^
...
29 |     fn search_mindcraft(query: &str) -> Result<Vec<ResearchResult>> {
   |        ^^^^^^^^^^^^^^^^
...
63 |     fn search_general(query: &str) -> Result<Vec<ResearchResult>> {
   |        ^^^^^^^^^^^^^^

warning: `craft-agent-autopilot` (bin "craft-agent-autopilot") generated 29 warnings (run `cargo fix --bin "craft-agent-autopilot" -p craft-agent-autopilot` to apply 9 suggestions)
    Finished `dev` profile [unoptimized + debuginfo] target(s) in 1.31s
     Running `target\debug\craft-agent-autopilot.exe`
╔══════════════════════════════════════════════════════════╗
║     Craft-Agent Autopilot — 全自动化自进化系统           ║
║     目标: 击败末影龙                                      ║
╚══════════════════════════════════════════════════════════╝

=== Round 1 ===
[Round 1] Phase 0 START
[Round 1] Phase 0 END: build=true, test=false
[Round 1] Phase 2b START
[Round 1] Phase 2b START
[Round 1] Starting viewer: user=CraftAgent, port=8080
[Round 1] Viewer started PID=28008
🎮 Craft-Agent 控制面板 → http://127.0.0.1:8080
   目标: 继续推进当前任务
   步数: 无限循环
   Session: sessions/mc_run.jsonl
[Round 1] Agent started
[agent_loop] 加载蓝图 4 个，自定义动作 1 个
[2m2026-07-29T03:17:25.192234Z[0m [33m WARN[0m [2mazalea_client::client[0m[2m:[0m GameTick is more than 10 ticks behind, skipping ticks so we don't have to burst too much
[2m2026-07-29T03:18:05.218346Z[0m [33m WARN[0m [2mazalea_client::plugins::inventory[0m[2m:[0m Tried to close container with ID 1, but the current container ID is 0
[2m2026-07-29T03:18:27.758741Z[0m [33m WARN[0m [2mazalea::pathfinder[0m[2m:[0m Azalea was compiled with no optimizations, which may result in significantly reduced pathfinding performance. Consider following the steps at https://azalea.rs/azalea/#optimization for faster performance in debug mode.
[2m2026-07-29T03:18:27.758858Z[0m [32m INFO[0m [2mazalea::pathfinder[0m[2m:[0m got goto BlockPosGoal(BlockPos { x: -492, y: 86, z: -180 }), starting from BlockPos { x: -495, y: 89, z: -180 }
[2m2026-07-29T03:18:27.785055Z[0m [32m INFO[0m [2mazalea::pathfinder[0m[2m:[0m Pathfinder took 25.7849ms
[2m2026-07-29T03:18:30.441808Z[0m [32m INFO[0m [2mazalea::pathfinder::execute[0m[2m:[0m the path we just swapped to was empty, so reached end of path
[gather] round 0: 已装备 stone_pickaxe 到主手（hotbar 槽 7）
[2m2026-07-29T03:18:32.834886Z[0m [32m INFO[0m [2mazalea::pathfinder[0m[2m:[0m got goto BlockPosGoal(BlockPos { x: -491, y: 87, z: -179 }), starting from BlockPos { x: -492, y: 89, z: -180 }
[2m2026-07-29T03:18:32.857674Z[0m [32m INFO[0m [2mazalea::pathfinder[0m[2m:[0m Pathfinder took 22.5016ms
[gather] round 1: 装备 stone_pickaxe 失败：set_selected_hotbar_slot(7) 后主手仍未持有 stone_pickaxe（已轮询 1.5s，可能服务端同步延迟或 hotbar 内容被覆盖，建议稍后重试）
[2m2026-07-29T03:18:35.496759Z[0m [32m INFO[0m [2mazalea::pathfinder::execute[0m[2m:[0m the path we just swapped to was empty, so reached end of path
[2m2026-07-29T03:18:37.959100Z[0m [32m INFO[0m [2mazalea::pathfinder[0m[2m:[0m got goto BlockPosGoal(BlockPos { x: -491, y: 87, z: -179 }), starting from BlockPos { x: -491, y: 89, z: -180 }
[2m2026-07-29T03:18:37.972782Z[0m [32m INFO[0m [2mazalea::pathfinder[0m[2m:[0m Pathfinder took 13.3325ms
[2m2026-07-29T03:18:39.084847Z[0m [32m INFO[0m [2mazalea::pathfinder::execute[0m[2m:[0m the path we just swapped to was empty, so reached end of path
[gather] round 2: 装备 stone_pickaxe 失败：set_selected_hotbar_slot(7) 后主手仍未持有 stone_pickaxe（已轮询 1.5s，可能服务端同步延迟或 hotbar 内容被覆盖，建议稍后重试）
[2m2026-07-29T03:18:43.078497Z[0m [32m INFO[0m [2mazalea::pathfinder[0m[2m:[0m got goto BlockPosGoal(BlockPos { x: -491, y: 86, z: -180 }), starting from BlockPos { x: -491, y: 88, z: -180 }
[2m2026-07-29T03:18:43.085939Z[0m [32m INFO[0m [2mazalea::pathfinder[0m[2m:[0m Pathfinder took 7.0008ms
[2m2026-07-29T03:18:43.915684Z[0m [32m INFO[0m [2mazalea::pathfinder[0m[2m:[0m Pathfinder took 3.4415ms
[2m2026-07-29T03:18:44.306203Z[0m [32m INFO[0m [2mazalea::pathfinder[0m[2m:[0m Pathfinder took 3.2033ms
[2m2026-07-29T03:18:44.736163Z[0m [32m INFO[0m [2mazalea::pathfinder::execute[0m[2m:[0m the path we just swapped to was empty, so reached end of path
[Round 1] Phase 2b END: steps=4
[Round 1] Phase 2b END
[Round 1] Session Analysis: steps=3 tools=3 errors=0 gather=0 craft=0 mine=0 goto=0 pos_changes=1 stuck=false progress=false
Round 1: build=OK test=0/0 anomalies=0 hypotheses=0/0 knowledge=0

=== Round 2 ===
[Round 2] Phase 0 START
[Round 2] Phase 0 END: build=true, test=false
[Round 2] Phase 2b START
[Round 2] Phase 2b START
[Round 2] Starting viewer: user=CraftAgent, port=8080
[Round 2] Viewer started PID=13572
🎮 Craft-Agent 控制面板 → http://127.0.0.1:8080
   目标: 继续推进当前任务
   步数: 无限循环
   Session: sessions/mc_run.jsonl
[Round 2] Agent started
[agent_loop] 加载蓝图 4 个，自定义动作 1 个
[2m2026-07-29T03:18:56.590814Z[0m [33m WARN[0m [2mazalea_client::client[0m[2m:[0m GameTick is more than 10 ticks behind, skipping ticks so we don't have to burst too much
[2m2026-07-29T03:19:08.114268Z[0m [33m WARN[0m [2mazalea::pathfinder[0m[2m:[0m Azalea was compiled with no optimizations, which may result in significantly reduced pathfinding performance. Consider following the steps at https://azalea.rs/azalea/#optimization for faster performance in debug mode.
[2m2026-07-29T03:19:08.114453Z[0m [32m INFO[0m [2mazalea::pathfinder[0m[2m:[0m got goto BlockPosGoal(BlockPos { x: -485, y: 85, z: -178 }), starting from BlockPos { x: -491, y: 86, z: -180 }
[2m2026-07-29T03:19:08.178749Z[0m [32m INFO[0m [2mazalea::pathfinder[0m[2m:[0m got goto BlockPosGoal(BlockPos { x: -485, y: 85, z: -178 }), starting from BlockPos { x: -491, y: 86, z: -180 }
[2m2026-07-29T03:19:08.211279Z[0m [32m INFO[0m [2mazalea::pathfinder[0m[2m:[0m Pathfinder took 96.3569ms
[2m2026-07-29T03:19:08.211358Z[0m [33m WARN[0m [2mazalea::pathfinder[0m[2m:[0m finished calculating a path, but it's outdated
[2m2026-07-29T03:19:08.242411Z[0m [32m INFO[0m [2mazalea::pathfinder[0m[2m:[0m got goto BlockPosGoal(BlockPos { x: -485, y: 85, z: -178 }), starting from BlockPos { x: -491, y: 86, z: -180 }
[2m2026-07-29T03:19:08.272715Z[0m [32m INFO[0m [2mazalea::pathfinder[0m[2m:[0m got goto BlockPosGoal(BlockPos { x: -485, y: 85, z: -178 }), starting from BlockPos { x: -491, y: 86, z: -180 }
[2m2026-07-29T03:19:08.280381Z[0m [32m INFO[0m [2mazalea::pathfinder[0m[2m:[0m Pathfinder took 101.145ms
[2m2026-07-29T03:19:08.280436Z[0m [33m WARN[0m [2mazalea::pathfinder[0m[2m:[0m finished calculating a path, but it's outdated
[2m2026-07-29T03:19:08.333698Z[0m [32m INFO[0m [2mazalea::pathfinder[0m[2m:[0m got goto BlockPosGoal(BlockPos { x: -485, y: 85, z: -178 }), starting from BlockPos { x: -491, y: 86, z: -180 }
[2m2026-07-29T03:19:08.347194Z[0m [32m INFO[0m [2mazalea::pathfinder[0m[2m:[0m Pathfinder took 104.449ms
[2m2026-07-29T03:19:08.347253Z[0m [33m WARN[0m [2mazalea::pathfinder[0m[2m:[0m finished calculating a path, but it's outdated
[2m2026-07-29T03:19:08.365247Z[0m [32m INFO[0m [2mazalea::pathfinder[0m[2m:[0m got goto BlockPosGoal(BlockPos { x: -485, y: 85, z: -178 }), starting from BlockPos { x: -491, y: 86, z: -180 }
[2m2026-07-29T03:19:08.378894Z[0m [32m INFO[0m [2mazalea::pathfinder[0m[2m:[0m Pathfinder took 105.778ms
[2m2026-07-29T03:19:08.378988Z[0m [33m WARN[0m [2mazalea::pathfinder[0m[2m:[0m finished calculating a path, but it's outdated
[2m2026-07-29T03:19:08.429651Z[0m [32m INFO[0m [2mazalea::pathfinder[0m[2m:[0m got goto BlockPosGoal(BlockPos { x: -485, y: 85, z: -178 }), starting from BlockPos { x: -491, y: 86, z: -180 }
[2m2026-07-29T03:19:08.445274Z[0m [32m INFO[0m [2mazalea::pathfinder[0m[2m:[0m Pathfinder took 111.1913ms
[2m2026-07-29T03:19:08.445344Z[0m [33m WARN[0m [2mazalea::pathfinder[0m[2m:[0m finished calculating a path, but it's outdated
[2m2026-07-29T03:19:08.479467Z[0m [32m INFO[0m [2mazalea::pathfinder[0m[2m:[0m Pathfinder took 113.9148ms
[2m2026-07-29T03:19:08.479527Z[0m [33m WARN[0m [2mazalea::pathfinder[0m[2m:[0m finished calculating a path, but it's outdated
[2m2026-07-29T03:19:08.491014Z[0m [32m INFO[0m [2mazalea::pathfinder[0m[2m:[0m got goto BlockPosGoal(BlockPos { x: -485, y: 85, z: -178 }), starting from BlockPos { x: -491, y: 86, z: -180 }
[2m2026-07-29T03:19:08.523389Z[0m [32m INFO[0m [2mazalea::pathfinder[0m[2m:[0m got goto BlockPosGoal(BlockPos { x: -485, y: 85, z: -178 }), starting from BlockPos { x: -491, y: 86, z: -180 }
[2m2026-07-29T03:19:08.544334Z[0m [32m INFO[0m [2mazalea::pathfinder[0m[2m:[0m Pathfinder took 114.3884ms
[2m2026-07-29T03:19:08.544442Z[0m [33m WARN[0m [2mazalea::pathfinder[0m[2m:[0m finished calculating a path, but it's outdated
[2m2026-07-29T03:19:08.585366Z[0m [32m INFO[0m [2mazalea::pathfinder[0m[2m:[0m got goto BlockPosGoal(BlockPos { x: -485, y: 85, z: -178 }), starting from BlockPos { x: -491, y: 86, z: -180 }
[2m2026-07-29T03:19:08.602668Z[0m [32m INFO[0m [2mazalea::pathfinder[0m[2m:[0m Pathfinder took 111.3165ms
[2m2026-07-29T03:19:08.602780Z[0m [33m WARN[0m [2mazalea::pathfinder[0m[2m:[0m finished calculating a path, but it's outdated
[2m2026-07-29T03:19:08.615236Z[0m [32m INFO[0m [2mazalea::pathfinder[0m[2m:[0m got goto BlockPosGoal(BlockPos { x: -485, y: 85, z: -178 }), starting from BlockPos { x: -491, y: 86, z: -180 }
[2m2026-07-29T03:19:08.643032Z[0m [32m INFO[0m [2mazalea::pathfinder[0m[2m:[0m Pathfinder took 119.2675ms
[2m2026-07-29T03:19:08.643108Z[0m [33m WARN[0m [2mazalea::pathfinder[0m[2m:[0m finished calculating a path, but it's outdated
[2m2026-07-29T03:19:08.681012Z[0m [32m INFO[0m [2mazalea::pathfinder[0m[2m:[0m got goto BlockPosGoal(BlockPos { x: -485, y: 85, z: -178 }), starting from BlockPos { x: -491, y: 86, z: -180 }
[2m2026-07-29T03:19:08.702875Z[0m [32m INFO[0m [2mazalea::pathfinder[0m[2m:[0m Pathfinder took 117.1291ms
[2m2026-07-29T03:19:08.702935Z[0m [33m WARN[0m [2mazalea::pathfinder[0m[2m:[0m finished calculating a path, but it's outdated
[2m2026-07-29T03:19:08.724545Z[0m [32m INFO[0m [2mazalea::pathfinder[0m[2m:[0m Pathfinder took 109.0134ms
[2m2026-07-29T03:19:08.724614Z[0m [33m WARN[0m [2mazalea::pathfinder[0m[2m:[0m finished calculating a path, but it's outdated
[2m2026-07-29T03:19:08.742729Z[0m [32m INFO[0m [2mazalea::pathfinder[0m[2m:[0m got goto BlockPosGoal(BlockPos { x: -485, y: 85, z: -178 }), starting from BlockPos { x: -491, y: 86, z: -180 }
[2m2026-07-29T03:19:08.774961Z[0m [32m INFO[0m [2mazalea::pathfinder[0m[2m:[0m got goto BlockPosGoal(BlockPos { x: -485, y: 85, z: -178 }), starting from BlockPos { x: -491, y: 86, z: -180 }
[2m2026-07-29T03:19:08.790730Z[0m [32m INFO[0m [2mazalea::pathfinder[0m[2m:[0m Pathfinder took 109.4324ms
[2m2026-07-29T03:19:08.790856Z[0m [33m WARN[0m [2mazalea::pathfinder[0m[2m:[0m finished calculating a path, but it's outdated
[2m2026-07-29T03:19:08.838332Z[0m [32m INFO[0m [2mazalea::pathfinder[0m[2m:[0m got goto BlockPosGoal(BlockPos { x: -485, y: 85, z: -178 }), starting from BlockPos { x: -491, y: 86, z: -180 }
[2m2026-07-29T03:19:08.853100Z[0m [32m INFO[0m [2mazalea::pathfinder[0m[2m:[0m Pathfinder took 110.0023ms
[2m2026-07-29T03:19:08.853157Z[0m [33m WARN[0m [2mazalea::pathfinder[0m[2m:[0m finished calculating a path, but it's outdated
[2m2026-07-29T03:19:08.867372Z[0m [32m INFO[0m [2mazalea::pathfinder[0m[2m:[0m got goto BlockPosGoal(BlockPos { x: -485, y: 85, z: -178 }), starting from BlockPos { x: -491, y: 86, z: -180 }
[2m2026-07-29T03:19:08.891291Z[0m [32m INFO[0m [2mazalea::pathfinder[0m[2m:[0m Pathfinder took 116.0357ms
[2m2026-07-29T03:19:08.891347Z[0m [33m WARN[0m [2mazalea::pathfinder[0m[2m:[0m finished calculating a path, but it's outdated
[2m2026-07-29T03:19:08.929546Z[0m [32m INFO[0m [2mazalea::pathfinder[0m[2m:[0m got goto BlockPosGoal(BlockPos { x: -485, y: 85, z: -178 }), starting from BlockPos { x: -491, y: 86, z: -180 }
[2m2026-07-29T03:19:08.954591Z[0m [32m INFO[0m [2mazalea::pathfinder[0m[2m:[0m Pathfinder took 115.9832ms
[2m2026-07-29T03:19:08.954652Z[0m [33m WARN[0m [2mazalea::pathfinder[0m[2m:[0m finished calculating a path, but it's outdated
[2m2026-07-29T03:19:08.981105Z[0m [32m INFO[0m [2mazalea::pathfinder[0m[2m:[0m Pathfinder took 113.3965ms
[2m2026-07-29T03:19:08.981169Z[0m [33m WARN[0m [2mazalea::pathfinder[0m[2m:[0m finished calculating a path, but it's outdated
[2m2026-07-29T03:19:08.993813Z[0m [32m INFO[0m [2mazalea::pathfinder[0m[2m:[0m got goto BlockPosGoal(BlockPos { x: -485, y: 85, z: -178 }), starting from BlockPos { x: -491, y: 86, z: -180 }
[2m2026-07-29T03:19:09.024274Z[0m [32m INFO[0m [2mazalea::pathfinder[0m[2m:[0m got goto BlockPosGoal(BlockPos { x: -485, y: 85, z: -178 }), starting from BlockPos { x: -491, y: 86, z: -180 }
[2m2026-07-29T03:19:09.059399Z[0m [32m INFO[0m [2mazalea::pathfinder[0m[2m:[0m Pathfinder took 129.5282ms
[2m2026-07-29T03:19:09.059481Z[0m [33m WARN[0m [2mazalea::pathfinder[0m[2m:[0m finished calculating a path, but it's outdated
[2m2026-07-29T03:19:09.085227Z[0m [32m INFO[0m [2mazalea::pathfinder[0m[2m:[0m got goto BlockPosGoal(BlockPos { x: -485, y: 85, z: -178 }), starting from BlockPos { x: -491, y: 86, z: -180 }
[2m2026-07-29T03:19:09.116297Z[0m [32m INFO[0m [2mazalea::pathfinder[0m[2m:[0m got goto BlockPosGoal(BlockPos { x: -485, y: 85, z: -178 }), starting from BlockPos { x: -491, y: 86, z: -180 }
[2m2026-07-29T03:19:09.118210Z[0m [32m INFO[0m [2mazalea::pathfinder[0m[2m:[0m Pathfinder took 124.0927ms
[2m2026-07-29T03:19:09.118260Z[0m [33m WARN[0m [2mazalea::pathfinder[0m[2m:[0m finished calculating a path, but it's outdated
[2m2026-07-29T03:19:09.150412Z[0m [32m INFO[0m [2mazalea::pathfinder[0m[2m:[0m Pathfinder took 125.8032ms
[2m2026-07-29T03:19:09.150481Z[0m [33m WARN[0m [2mazalea::pathfinder[0m[2m:[0m finished calculating a path, but it's outdated
[2m2026-07-29T03:19:09.179811Z[0m [32m INFO[0m [2mazalea::pathfinder[0m[2m:[0m got goto BlockPosGoal(BlockPos { x: -485, y: 85, z: -178 }), starting from BlockPos { x: -491, y: 86, z: -180 }
[2m2026-07-29T03:19:09.196178Z[0m [32m INFO[0m [2mazalea::pathfinder[0m[2m:[0m Pathfinder took 110.6443ms
[2m2026-07-29T03:19:09.196243Z[0m [33m WARN[0m [2mazalea::pathfinder[0m[2m:[0m finished calculating a path, but it's outdated
[2m2026-07-29T03:19:09.231685Z[0m [32m INFO[0m [2mazalea::pathfinder[0m[2m:[0m Pathfinder took 112.9418ms
[2m2026-07-29T03:19:09.231751Z[0m [33m WARN[0m [2mazalea::pathfinder[0m[2m:[0m finished calculating a path, but it's outdated
[2m2026-07-29T03:19:09.242330Z[0m [32m INFO[0m [2mazalea::pathfinder[0m[2m:[0m got goto BlockPosGoal(BlockPos { x: -485, y: 85, z: -178 }), starting from BlockPos { x: -491, y: 86, z: -180 }
[2m2026-07-29T03:19:09.273921Z[0m [32m INFO[0m [2mazalea::pathfinder[0m[2m:[0m got goto BlockPosGoal(BlockPos { x: -485, y: 85, z: -178 }), starting from BlockPos { x: -491, y: 86, z: -180 }
[2m2026-07-29T03:19:09.293335Z[0m [32m INFO[0m [2mazalea::pathfinder[0m[2m:[0m Pathfinder took 113.1835ms
[2m2026-07-29T03:19:09.293408Z[0m [33m WARN[0m [2mazalea::pathfinder[0m[2m:[0m finished calculating a path, but it's outdated
[2m2026-07-29T03:19:09.335377Z[0m [32m INFO[0m [2mazalea::pathfinder[0m[2m:[0m got goto BlockPosGoal(BlockPos { x: -485, y: 85, z: -178 }), starting from BlockPos { x: -491, y: 86, z: -180 }
[2m2026-07-29T03:19:09.362131Z[0m [32m INFO[0m [2mazalea::pathfinder[0m[2m:[0m Pathfinder took 119.3877ms
[2m2026-07-29T03:19:09.362259Z[0m [33m WARN[0m [2mazalea::pathfinder[0m[2m:[0m finished calculating a path, but it's outdated
[2m2026-07-29T03:19:09.367001Z[0m [32m INFO[0m [2mazalea::pathfinder[0m[2m:[0m got goto BlockPosGoal(BlockPos { x: -485, y: 85, z: -178 }), starting from BlockPos { x: -491, y: 86, z: -180 }
[2m2026-07-29T03:19:09.394617Z[0m [32m INFO[0m [2mazalea::pathfinder[0m[2m:[0m Pathfinder took 120.3634ms
[2m2026-07-29T03:19:09.394686Z[0m [33m WARN[0m [2mazalea::pathfinder[0m[2m:[0m finished calculating a path, but it's outdated
[2m2026-07-29T03:19:09.430286Z[0m [32m INFO[0m [2mazalea::pathfinder[0m[2m:[0m got goto BlockPosGoal(BlockPos { x: -485, y: 85, z: -178 }), starting from BlockPos { x: -491, y: 86, z: -180 }
[2m2026-07-29T03:19:09.449706Z[0m [32m INFO[0m [2mazalea::pathfinder[0m[2m:[0m Pathfinder took 114.0366ms
[2m2026-07-29T03:19:09.449806Z[0m [33m WARN[0m [2mazalea::pathfinder[0m[2m:[0m finished calculating a path, but it's outdated
[2m2026-07-29T03:19:09.474282Z[0m [32m INFO[0m [2mazalea::pathfinder[0m[2m:[0m Pathfinder took 106.9218ms
[2m2026-07-29T03:19:09.474349Z[0m [33m WARN[0m [2mazalea::pathfinder[0m[2m:[0m finished calculating a path, but it's outdated
[2m2026-07-29T03:19:09.491592Z[0m [32m INFO[0m [2mazalea::pathfinder[0m[2m:[0m got goto BlockPosGoal(BlockPos { x: -485, y: 85, z: -178 }), starting from BlockPos { x: -491, y: 86, z: -180 }
[2m2026-07-29T03:19:09.522218Z[0m [32m INFO[0m [2mazalea::pathfinder[0m[2m:[0m got goto BlockPosGoal(BlockPos { x: -485, y: 85, z: -178 }), starting from BlockPos { x: -491, y: 86, z: -180 }
[2m2026-07-29T03:19:09.540004Z[0m [32m INFO[0m [2mazalea::pathfinder[0m[2m:[0m Pathfinder took 109.4135ms
[2m2026-07-29T03:19:09.540063Z[0m [33m WARN[0m [2mazalea::pathfinder[0m[2m:[0m finished calculating a path, but it's outdated
[2m2026-07-29T03:19:09.584416Z[0m [32m INFO[0m [2mazalea::pathfinder[0m[2m:[0m got goto BlockPosGoal(BlockPos { x: -485, y: 85, z: -178 }), starting from BlockPos { x: -491, y: 86, z: -180 }
[2m2026-07-29T03:19:09.607937Z[0m [32m INFO[0m [2mazalea::pathfinder[0m[2m:[0m Pathfinder took 116.0513ms
[2m2026-07-29T03:19:09.607993Z[0m [33m WARN[0m [2mazalea::pathfinder[0m[2m:[0m finished calculating a path, but it's outdated
[2m2026-07-29T03:19:09.614742Z[0m [32m INFO[0m [2mazalea::pathfinder[0m[2m:[0m got goto BlockPosGoal(BlockPos { x: -485, y: 85, z: -178 }), starting from BlockPos { x: -491, y: 86, z: -180 }
[2m2026-07-29T03:19:09.642518Z[0m [32m INFO[0m [2mazalea::pathfinder[0m[2m:[0m Pathfinder took 119.9739ms
[2m2026-07-29T03:19:09.642577Z[0m [33m WARN[0m [2mazalea::pathfinder[0m[2m:[0m finished calculating a path, but it's outdated
[2m2026-07-29T03:19:09.701902Z[0m [32m INFO[0m [2mazalea::pathfinder[0m[2m:[0m Pathfinder took 117.2001ms
[2m2026-07-29T03:19:09.702063Z[0m [33m WARN[0m [2mazalea::pathfinder[0m[2m:[0m finished calculating a path, but it's outdated
[2m2026-07-29T03:19:09.734590Z[0m [32m INFO[0m [2mazalea::pathfinder[0m[2m:[0m Pathfinder took 119.5762ms
[2m2026-07-29T03:19:17.623952Z[0m [32m INFO[0m [2mazalea::pathfinder[0m[2m:[0m Pathfinder took 7.6593ms
[2m2026-07-29T03:19:19.143830Z[0m [32m INFO[0m [2mazalea::pathfinder::execute[0m[2m:[0m the path we just swapped to was empty, so reached end of path
[2m2026-07-29T03:19:21.026262Z[0m [32m INFO[0m [2mazalea::pathfinder[0m[2m:[0m got goto BlockPosGoal(BlockPos { x: -485, y: 84, z: -179 }), starting from BlockPos { x: -486, y: 85, z: -179 }
[2m2026-07-29T03:19:21.034274Z[0m [32m INFO[0m [2mazalea::pathfinder[0m[2m:[0m Pathfinder took 7.7229ms
[2m2026-07-29T03:19:21.904424Z[0m [32m INFO[0m [2mazalea::pathfinder::execute[0m[2m:[0m the path we just swapped to was empty, so reached end of path
[2m2026-07-29T03:19:24.476281Z[0m [32m INFO[0m [2mazalea::pathfinder[0m[2m:[0m got goto BlockPosGoal(BlockPos { x: -485, y: 83, z: -179 }), starting from BlockPos { x: -486, y: 84, z: -179 }
[2m2026-07-29T03:19:24.483913Z[0m [32m INFO[0m [2mazalea::pathfinder[0m[2m:[0m Pathfinder took 7.3649ms
[2m2026-07-29T03:19:25.357079Z[0m [32m INFO[0m [2mazalea::pathfinder::execute[0m[2m:[0m the path we just swapped to was empty, so reached end of path
[2m2026-07-29T03:19:27.921739Z[0m [32m INFO[0m [2mazalea::pathfinder[0m[2m:[0m got goto BlockPosGoal(BlockPos { x: -485, y: 82, z: -179 }), starting from BlockPos { x: -486, y: 83, z: -179 }
[2m2026-07-29T03:19:27.927436Z[0m [32m INFO[0m [2mazalea::pathfinder[0m[2m:[0m Pathfinder took 5.3911ms
[2m2026-07-29T03:19:28.798910Z[0m [32m INFO[0m [2mazalea::pathfinder::execute[0m[2m:[0m the path we just swapped to was empty, so reached end of path
[2m2026-07-29T03:19:31.366370Z[0m [32m INFO[0m [2mazalea::pathfinder[0m[2m:[0m got goto BlockPosGoal(BlockPos { x: -485, y: 82, z: -179 }), starting from BlockPos { x: -486, y: 82, z: -179 }
[2m2026-07-29T03:19:31.372078Z[0m [32m INFO[0m [2mazalea::pathfinder[0m[2m:[0m Pathfinder took 5.3216ms
[2m2026-07-29T03:19:33.191407Z[0m [32m INFO[0m [2mazalea::pathfinder[0m[2m:[0m Pathfinder took 6.2214ms
[2m2026-07-29T03:19:33.368261Z[0m [32m INFO[0m [2mazalea::pathfinder::execute[0m[2m:[0m the path we just swapped to was empty, so reached end of path
[2m2026-07-29T03:19:34.977314Z[0m [32m INFO[0m [2mazalea::pathfinder[0m[2m:[0m got goto BlockPosGoal(BlockPos { x: -484, y: 82, z: -179 }), starting from BlockPos { x: -485, y: 82, z: -179 }
[2m2026-07-29T03:19:34.982122Z[0m [32m INFO[0m [2mazalea::pathfinder[0m[2m:[0m Pathfinder took 4.5163ms
[2m2026-07-29T03:19:36.708123Z[0m [32m INFO[0m [2mazalea::pathfinder[0m[2m:[0m Pathfinder took 6.1935ms
[2m2026-07-29T03:19:36.943672Z[0m [32m INFO[0m [2mazalea::pathfinder::execute[0m[2m:[0m the path we just swapped to was empty, so reached end of path
[Round 2] Phase 2b END: steps=3
[Round 2] Phase 2b END
[Round 2] Session Analysis: steps=2 tools=2 errors=1 gather=0 craft=0 mine=0 goto=1 pos_changes=1 stuck=false progress=false
Round 2: build=OK test=0/0 anomalies=0 hypotheses=0/0 knowledge=0

=== Round 3 ===
[Round 3] Phase 0 START
[Round 3] Phase 0 END: build=true, test=false
[Round 3] Phase 2b START
[Round 3] Phase 2b START
[Round 3] Starting viewer: user=CraftAgent, port=8080
[Round 3] Viewer started PID=16416
🎮 Craft-Agent 控制面板 → http://127.0.0.1:8080
   目标: 继续推进当前任务
   步数: 无限循环
   Session: sessions/mc_run.jsonl
[Round 3] Agent started
[agent_loop] 加载蓝图 4 个，自定义动作 1 个
[2m2026-07-29T03:19:58.936018Z[0m [33m WARN[0m [2mazalea::pathfinder[0m[2m:[0m Azalea was compiled with no optimizations, which may result in significantly reduced pathfinding performance. Consider following the steps at https://azalea.rs/azalea/#optimization for faster performance in debug mode.
[2m2026-07-29T03:19:58.936163Z[0m [32m INFO[0m [2mazalea::pathfinder[0m[2m:[0m got goto BlockPosGoal(BlockPos { x: -484, y: 83, z: -179 }), starting from BlockPos { x: -484, y: 82, z: -179 }
[2m2026-07-29T03:20:00.682503Z[0m [32m INFO[0m [2mazalea::pathfinder[0m[2m:[0m got goto BlockPosGoal(BlockPos { x: -485, y: 83, z: -179 }), starting from BlockPos { x: -484, y: 82, z: -179 }
[2m2026-07-29T03:20:01.773201Z[0m [32m INFO[0m [2mazalea::pathfinder[0m[2m:[0m Pathfinder took 1.0903083s (incomplete path)
[2m2026-07-29T03:20:03.646872Z[0m [32m INFO[0m [2mazalea::pathfinder[0m[2m:[0m got goto BlockPosGoal(BlockPos { x: -484, y: 82, z: -181 }), starting from BlockPos { x: -484, y: 82, z: -179 }
[2m2026-07-29T03:20:03.653385Z[0m [32m INFO[0m [2mazalea::pathfinder[0m[2m:[0m Pathfinder took 6.1534ms
[2m2026-07-29T03:20:04.105146Z[0m [33m WARN[0m [2mazalea::pathfinder::astar[0m[2m:[0m No best node found, returning first node
[2m2026-07-29T03:20:04.106443Z[0m [32m INFO[0m [2mazalea::pathfinder[0m[2m:[0m Pathfinder took 5.1701821s (empty path)
[2m2026-07-29T03:20:04.106475Z[0m [33m WARN[0m [2mazalea::pathfinder[0m[2m:[0m finished calculating a path, but it's outdated
[2m2026-07-29T03:20:04.564431Z[0m [32m INFO[0m [2mazalea::pathfinder::execute[0m[2m:[0m the path we just swapped to was empty, so reached end of path
[2m2026-07-29T03:20:07.107936Z[0m [32m INFO[0m [2mazalea::pathfinder[0m[2m:[0m got goto BlockPosGoal(BlockPos { x: -484, y: 82, z: -181 }), starting from BlockPos { x: -484, y: 82, z: -180 }
[2m2026-07-29T03:20:07.113305Z[0m [32m INFO[0m [2mazalea::pathfinder[0m[2m:[0m Pathfinder took 4.9487ms
[2m2026-07-29T03:20:08.928469Z[0m [32m INFO[0m [2mazalea::pathfinder[0m[2m:[0m Pathfinder took 4.1328ms
[2m2026-07-29T03:20:09.218262Z[0m [32m INFO[0m [2mazalea::pathfinder::execute[0m[2m:[0m the path we just swapped to was empty, so reached end of path
[2m2026-07-29T03:20:10.702748Z[0m [32m INFO[0m [2mazalea::pathfinder[0m[2m:[0m got goto BlockPosGoal(BlockPos { x: -484, y: 83, z: -181 }), starting from BlockPos { x: -484, y: 82, z: -181 }
[2m2026-07-29T03:20:12.610625Z[0m [32m INFO[0m [2mazalea::pathfinder[0m[2m:[0m got goto BlockPosGoal(BlockPos { x: -485, y: 83, z: -181 }), starting from BlockPos { x: -484, y: 82, z: -181 }
[2m2026-07-29T03:20:12.615492Z[0m [32m INFO[0m [2mazalea::pathfinder[0m[2m:[0m Pathfinder took 4.5629ms
[2m2026-07-29T03:20:14.170185Z[0m [32m INFO[0m [2mazalea::pathfinder::execute[0m[2m:[0m the path we just swapped to was empty, so reached end of path
[2m2026-07-29T03:20:14.454348Z[0m [32m INFO[0m [2mazalea::pathfinder[0m[2m:[0m got goto BlockPosGoal(BlockPos { x: -485, y: 83, z: -180 }), starting from BlockPos { x: -485, y: 83, z: -181 }
[2m2026-07-29T03:20:14.459063Z[0m [32m INFO[0m [2mazalea::pathfinder[0m[2m:[0m Pathfinder took 4.4268ms
[2m2026-07-29T03:20:15.753678Z[0m [33m WARN[0m [2mazalea::pathfinder::astar[0m[2m:[0m No best node found, returning first node
[2m2026-07-29T03:20:15.754586Z[0m [32m INFO[0m [2mazalea::pathfinder[0m[2m:[0m Pathfinder took 5.0516756s (empty path)
[2m2026-07-29T03:20:15.754626Z[0m [33m WARN[0m [2mazalea::pathfinder[0m[2m:[0m finished calculating a path, but it's outdated
[2m2026-07-29T03:20:15.797489Z[0m [32m INFO[0m [2mazalea::pathfinder::execute[0m[2m:[0m the path we just swapped to was empty, so reached end of path
[craft] P23 别名替换：minecraft:oak_planks -> minecraft:dark_oak_planks（背包无前者，用后者替代）
[craft] P23 别名替换：minecraft:oak_planks -> minecraft:dark_oak_planks（背包无前者，用后者替代）
[craft] P23 别名替换：minecraft:oak_planks -> minecraft:dark_oak_planks（背包无前者，用后者替代）
[craft] P23 别名替换：minecraft:oak_planks -> minecraft:dark_oak_planks（背包无前者，用后者替代）
[craft] P23 别名替换：minecraft:oak_planks -> minecraft:dark_oak_planks（背包无前者，用后者替代）
[craft] P23 别名替换：minecraft:oak_planks -> minecraft:dark_oak_planks（背包无前者，用后者替代）
[craft 3x3] P48: 'stone_sword' 命中 RecipeBook (shaped)，走 book 路径
[craft 3x3] P48: 'furnace' 命中 RecipeBook (shaped)，走 book 路径
[2m2026-07-29T03:21:52.819482Z[0m [32m INFO[0m [2mazalea::pathfinder[0m[2m:[0m got goto BlockPosGoal(BlockPos { x: -485, y: 83, z: -175 }), starting from BlockPos { x: -485, y: 83, z: -180 }
[2m2026-07-29T03:21:52.837200Z[0m [32m INFO[0m [2mazalea::pathfinder[0m[2m:[0m Pathfinder took 17.4108ms
[2m2026-07-29T03:21:52.898268Z[0m [32m INFO[0m [2mazalea::pathfinder[0m[2m:[0m Pathfinder took 16.8631ms
[2m2026-07-29T03:21:52.960943Z[0m [32m INFO[0m [2mazalea::pathfinder[0m[2m:[0m Pathfinder took 16.3278ms
[2m2026-07-29T03:21:53.022601Z[0m [32m INFO[0m [2mazalea::pathfinder[0m[2m:[0m Pathfinder took 17.2897ms
[2m2026-07-29T03:21:53.083898Z[0m [32m INFO[0m [2mazalea::pathfinder[0m[2m:[0m Pathfinder took 16.8676ms
[2m2026-07-29T03:21:53.101094Z[0m [32m INFO[0m [2mazalea::pathfinder[0m[2m:[0m Pathfinder took 16.6994ms
[2m2026-07-29T03:21:53.162380Z[0m [32m INFO[0m [2mazalea::pathfinder[0m[2m:[0m Pathfinder took 18.3271ms
[2m2026-07-29T03:21:53.223732Z[0m [32m INFO[0m [2mazalea::pathfinder[0m[2m:[0m Pathfinder took 18.0367ms
[2m2026-07-29T03:21:53.287645Z[0m [32m INFO[0m [2mazalea::pathfinder[0m[2m:[0m Pathfinder took 18.2414ms
[2m2026-07-29T03:21:53.304755Z[0m [32m INFO[0m [2mazalea::pathfinder[0m[2m:[0m Pathfinder took 16.576ms
[2m2026-07-29T03:21:53.363895Z[0m [32m INFO[0m [2mazalea::pathfinder[0m[2m:[0m Pathfinder took 16.8437ms
[2m2026-07-29T03:21:53.426238Z[0m [32m INFO[0m [2mazalea::pathfinder[0m[2m:[0m Pathfinder took 16.3684ms
[2m2026-07-29T03:21:53.472199Z[0m [32m INFO[0m [2mazalea::pathfinder[0m[2m:[0m Pathfinder took 15.9637ms
[2m2026-07-29T03:21:53.488717Z[0m [32m INFO[0m [2mazalea::pathfinder[0m[2m:[0m Pathfinder took 15.9546ms
[2m2026-07-29T03:21:53.546990Z[0m [32m INFO[0m [2mazalea::pathfinder[0m[2m:[0m Pathfinder took 11.0347ms
[2m2026-07-29T03:21:53.594097Z[0m [32m INFO[0m [2mazalea::pathfinder[0m[2m:[0m Pathfinder took 11.111ms
[2m2026-07-29T03:21:53.640635Z[0m [32m INFO[0m [2mazalea::pathfinder[0m[2m:[0m Pathfinder took 11.2434ms
[2m2026-07-29T03:21:53.687226Z[0m [32m INFO[0m [2mazalea::pathfinder[0m[2m:[0m Pathfinder took 11.292ms
[2m2026-07-29T03:21:53.732729Z[0m [32m INFO[0m [2mazalea::pathfinder[0m[2m:[0m Pathfinder took 11.1159ms
[2m2026-07-29T03:21:53.778280Z[0m [32m INFO[0m [2mazalea::pathfinder[0m[2m:[0m Pathfinder took 11.2801ms
[2m2026-07-29T03:21:53.823985Z[0m [32m INFO[0m [2mazalea::pathfinder[0m[2m:[0m Pathfinder took 10.9825ms
[2m2026-07-29T03:21:53.901409Z[0m [32m INFO[0m [2mazalea::pathfinder[0m[2m:[0m Pathfinder took 11.9908ms
[2m2026-07-29T03:21:53.947775Z[0m [32m INFO[0m [2mazalea::pathfinder[0m[2m:[0m Pathfinder took 11.2371ms
[2m2026-07-29T03:21:53.994881Z[0m [32m INFO[0m [2mazalea::pathfinder[0m[2m:[0m Pathfinder took 11.0113ms
[2m2026-07-29T03:21:54.040905Z[0m [32m INFO[0m [2mazalea::pathfinder[0m[2m:[0m Pathfinder took 10.7699ms
[2m2026-07-29T03:21:54.087587Z[0m [32m INFO[0m [2mazalea::pathfinder[0m[2m:[0m Pathfinder took 11.1132ms
[2m2026-07-29T03:21:54.133906Z[0m [32m INFO[0m [2mazalea::pathfinder[0m[2m:[0m Pathfinder took 11.0222ms
[2m2026-07-29T03:21:54.182852Z[0m [32m INFO[0m [2mazalea::pathfinder[0m[2m:[0m Pathfinder took 11.4628ms
[2m2026-07-29T03:21:54.227867Z[0m [32m INFO[0m [2mazalea::pathfinder[0m[2m:[0m Pathfinder took 10.5484ms
[2m2026-07-29T03:21:54.275074Z[0m [32m INFO[0m [2mazalea::pathfinder[0m[2m:[0m Pathfinder took 11.5323ms
[2m2026-07-29T03:21:54.353187Z[0m [32m INFO[0m [2mazalea::pathfinder[0m[2m:[0m Pathfinder took 11.2468ms
[2m2026-07-29T03:22:00.790513Z[0m [32m INFO[0m [2mazalea::pathfinder::execute[0m[2m:[0m goal was reached!
[2m2026-07-29T03:23:16.576468Z[0m [32m INFO[0m [2mazalea::pathfinder[0m[2m:[0m got goto BlockPosGoal(BlockPos { x: -483, y: 29, z: -175 }), starting from BlockPos { x: -485, y: 29, z: -175 }
[2m2026-07-29T03:23:16.582938Z[0m [32m INFO[0m [2mazalea::pathfinder[0m[2m:[0m Pathfinder took 6.1907ms
[2m2026-07-29T03:23:18.089574Z[0m [32m INFO[0m [2mazalea::pathfinder[0m[2m:[0m Pathfinder took 6.8688ms
[2m2026-07-29T03:23:19.604660Z[0m [32m INFO[0m [2mazalea::pathfinder[0m[2m:[0m Pathfinder took 6.8551ms
[2m2026-07-29T03:23:21.088322Z[0m [32m INFO[0m [2mazalea::pathfinder[0m[2m:[0m Pathfinder took 7.9054ms
[2m2026-07-29T03:23:24.143613Z[0m [32m INFO[0m [2mazalea::pathfinder::execute[0m[2m:[0m the path we just swapped to was empty, so reached end of path
[2m2026-07-29T03:23:47.690027Z[0m [32m INFO[0m [2mazalea::pathfinder[0m[2m:[0m got goto BlockPosGoal(BlockPos { x: -489, y: 28, z: -167 }), starting from BlockPos { x: -485, y: 29, z: -176 }
[2m2026-07-29T03:23:47.778276Z[0m [32m INFO[0m [2mazalea::pathfinder[0m[2m:[0m Pathfinder took 87.9478ms
[2m2026-07-29T03:23:51.737930Z[0m [32m INFO[0m [2mazalea::pathfinder::execute[0m[2m:[0m the path we just swapped to was empty, so reached end of path
[2m2026-07-29T03:23:53.773063Z[0m [32m INFO[0m [2mazalea::pathfinder[0m[2m:[0m got goto BlockPosGoal(BlockPos { x: -489, y: 28, z: -167 }), starting from BlockPos { x: -485, y: 28, z: -172 }
[2m2026-07-29T03:23:53.808892Z[0m [32m INFO[0m [2mazalea::pathfinder[0m[2m:[0m Pathfinder took 35.5597ms
[2m2026-07-29T03:23:57.237249Z[0m [32m INFO[0m [2mazalea::pathfinder::execute[0m[2m:[0m the path we just swapped to was empty, so reached end of path
[2m2026-07-29T03:23:59.891736Z[0m [32m INFO[0m [2mazalea::pathfinder[0m[2m:[0m got goto BlockPosGoal(BlockPos { x: -489, y: 28, z: -167 }), starting from BlockPos { x: -486, y: 28, z: -171 }
[2m2026-07-29T03:23:59.915296Z[0m [32m INFO[0m [2mazalea::pathfinder[0m[2m:[0m Pathfinder took 23.2565ms
[2m2026-07-29T03:24:02.698415Z[0m [32m INFO[0m [2mazalea::pathfinder::execute[0m[2m:[0m the path we just swapped to was empty, so reached end of path
[2m2026-07-29T03:24:05.617329Z[0m [32m INFO[0m [2mazalea::pathfinder[0m[2m:[0m got goto BlockPosGoal(BlockPos { x: -489, y: 28, z: -166 }), starting from BlockPos { x: -487, y: 28, z: -170 }
[2m2026-07-29T03:24:05.642023Z[0m [32m INFO[0m [2mazalea::pathfinder[0m[2m:[0m Pathfinder took 24.3617ms
[Round 3] Phase 2b END: steps=19
[Round 3] Phase 2b END
[Round 3] Session Analysis: steps=18 tools=27 errors=1 gather=1 craft=4 mine=16 goto=1 pos_changes=1 stuck=false progress=true
Round 3: build=OK test=0/0 anomalies=0 hypotheses=0/0 knowledge=0

=== Round 4 ===
[Round 4] Phase 0 START
[Round 4] Phase 0 END: build=true, test=false
[Round 4] Phase 2b START
[Round 4] Phase 2b START
[Round 4] Starting viewer: user=CraftAgent, port=8080
[Round 4] Viewer started PID=27804
🎮 Craft-Agent 控制面板 → http://127.0.0.1:8080
   目标: 继续推进当前任务
   步数: 无限循环
   Session: sessions/mc_run.jsonl
[Round 4] Agent started
[agent_loop] 加载蓝图 4 个，自定义动作 1 个
[2m2026-07-29T03:24:19.333056Z[0m [33m WARN[0m [2mazalea_client::client[0m[2m:[0m GameTick is more than 10 ticks behind, skipping ticks so we don't have to burst too much
[2m2026-07-29T03:24:30.359386Z[0m [33m WARN[0m [2mazalea::pathfinder[0m[2m:[0m Azalea was compiled with no optimizations, which may result in significantly reduced pathfinding performance. Consider following the steps at https://azalea.rs/azalea/#optimization for faster performance in debug mode.
[2m2026-07-29T03:24:30.359525Z[0m [32m INFO[0m [2mazalea::pathfinder[0m[2m:[0m got goto YGoal { y: 33 }, starting from BlockPos { x: -487, y: 28, z: -169 }
[2m2026-07-29T03:24:30.407773Z[0m [32m INFO[0m [2mazalea::pathfinder[0m[2m:[0m Pathfinder took 47.7614ms
[2m2026-07-29T03:24:31.522616Z[0m [33m WARN[0m [2mazalea::pathfinder::execute::patching[0m[2m:[0m path obstructed at index 0 (Edge { movement: Movement { target: BlockPos { x: -485, y: 29, z: -170 }, data: MoveData }, cost: 46.382847 }), ignoring
[2m2026-07-29T03:24:31.522872Z[0m [33m WARN[0m [2mazalea::pathfinder::execute::patching[0m[2m:[0m path obstructed at index 1 (starting at BlockPos { x: -486, y: 28, z: -170 })
[2m2026-07-29T03:24:31.552076Z[0m [32m INFO[0m [2mazalea::pathfinder[0m[2m:[0m Pathfinder took 27.0101ms
[2m2026-07-29T03:24:31.564016Z[0m [33m WARN[0m [2mazalea::pathfinder::execute::patching[0m[2m:[0m path obstructed at index 0 (Edge { movement: Movement { target: BlockPos { x: -485, y: 29, z: -170 }, data: MoveData }, cost: 46.382847 }), ignoring
[2m2026-07-29T03:24:31.629354Z[0m [33m WARN[0m [2mazalea::pathfinder::execute::patching[0m[2m:[0m path obstructed at index 0 (Edge { movement: Movement { target: BlockPos { x: -485, y: 29, z: -170 }, data: MoveData }, cost: 46.382847 }), ignoring
[2m2026-07-29T03:24:31.662443Z[0m [33m WARN[0m [2mazalea::pathfinder::execute::patching[0m[2m:[0m path obstructed at index 0 (Edge { movement: Movement { target: BlockPos { x: -485, y: 29, z: -170 }, data: MoveData }, cost: 46.382847 }), ignoring
[2m2026-07-29T03:24:31.722813Z[0m [33m WARN[0m [2mazalea::pathfinder::execute::patching[0m[2m:[0m path obstructed at index 0 (Edge { movement: Movement { target: BlockPos { x: -485, y: 29, z: -170 }, data: MoveData }, cost: 46.382847 }), ignoring
[2m2026-07-29T03:24:31.785582Z[0m [33m WARN[0m [2mazalea::pathfinder::execute::patching[0m[2m:[0m path obstructed at index 0 (Edge { movement: Movement { target: BlockPos { x: -485, y: 29, z: -170 }, data: MoveData }, cost: 46.382847 }), ignoring
[2m2026-07-29T03:24:31.815686Z[0m [33m WARN[0m [2mazalea::pathfinder::execute::patching[0m[2m:[0m path obstructed at index 0 (Edge { movement: Movement { target: BlockPos { x: -485, y: 29, z: -170 }, data: MoveData }, cost: 46.382847 }), ignoring
[2m2026-07-29T03:24:31.878882Z[0m [33m WARN[0m [2mazalea::pathfinder::execute::patching[0m[2m:[0m path obstructed at index 0 (Edge { movement: Movement { target: BlockPos { x: -485, y: 29, z: -170 }, data: MoveData }, cost: 46.382847 }), ignoring
[2m2026-07-29T03:24:31.912973Z[0m [33m WARN[0m [2mazalea::pathfinder::execute::patching[0m[2m:[0m path obstructed at index 0 (Edge { movement: Movement { target: BlockPos { x: -485, y: 29, z: -170 }, data: MoveData }, cost: 46.382847 }), ignoring
[2m2026-07-29T03:24:31.972596Z[0m [33m WARN[0m [2mazalea::pathfinder::execute::patching[0m[2m:[0m path obstructed at index 0 (Edge { movement: Movement { target: BlockPos { x: -485, y: 29, z: -170 }, data: MoveData }, cost: 46.382847 }), ignoring
[2m2026-07-29T03:24:32.035984Z[0m [33m WARN[0m [2mazalea::pathfinder::execute::patching[0m[2m:[0m path obstructed at index 0 (Edge { movement: Movement { target: BlockPos { x: -485, y: 29, z: -170 }, data: MoveData }, cost: 46.382847 }), ignoring
[2m2026-07-29T03:24:32.066977Z[0m [33m WARN[0m [2mazalea::pathfinder::execute::patching[0m[2m:[0m path obstructed at index 0 (Edge { movement: Movement { target: BlockPos { x: -485, y: 29, z: -170 }, data: MoveData }, cost: 46.382847 }), ignoring
[2m2026-07-29T03:24:32.128480Z[0m [33m WARN[0m [2mazalea::pathfinder::execute::patching[0m[2m:[0m path obstructed at index 0 (Edge { movement: Movement { target: BlockPos { x: -485, y: 29, z: -170 }, data: MoveData }, cost: 46.382847 }), ignoring
[2m2026-07-29T03:24:32.189940Z[0m [33m WARN[0m [2mazalea::pathfinder::execute::patching[0m[2m:[0m path obstructed at index 0 (Edge { movement: Movement { target: BlockPos { x: -485, y: 29, z: -170 }, data: MoveData }, cost: 46.382847 }), ignoring
[2m2026-07-29T03:24:32.221586Z[0m [33m WARN[0m [2mazalea::pathfinder::execute::patching[0m[2m:[0m path obstructed at index 0 (Edge { movement: Movement { target: BlockPos { x: -485, y: 29, z: -170 }, data: MoveData }, cost: 46.382847 }), ignoring
[2m2026-07-29T03:24:32.283068Z[0m [33m WARN[0m [2mazalea::pathfinder::execute::patching[0m[2m:[0m path obstructed at index 0 (Edge { movement: Movement { target: BlockPos { x: -485, y: 29, z: -170 }, data: MoveData }, cost: 46.382847 }), ignoring
[2m2026-07-29T03:24:32.313973Z[0m [33m WARN[0m [2mazalea::pathfinder::execute::patching[0m[2m:[0m path obstructed at index 0 (Edge { movement: Movement { target: BlockPos { x: -485, y: 29, z: -170 }, data: MoveData }, cost: 46.382847 }), ignoring
[2m2026-07-29T03:24:32.377039Z[0m [33m WARN[0m [2mazalea::pathfinder::execute::patching[0m[2m:[0m path obstructed at index 0 (Edge { movement: Movement { target: BlockPos { x: -485, y: 29, z: -170 }, data: MoveData }, cost: 46.382847 }), ignoring
[2m2026-07-29T03:24:32.440953Z[0m [33m WARN[0m [2mazalea::pathfinder::execute::patching[0m[2m:[0m path obstructed at index 0 (Edge { movement: Movement { target: BlockPos { x: -485, y: 29, z: -170 }, data: MoveData }, cost: 46.382847 }), ignoring
[2m2026-07-29T03:24:32.471564Z[0m [33m WARN[0m [2mazalea::pathfinder::execute::patching[0m[2m:[0m path obstructed at index 0 (Edge { movement: Movement { target: BlockPos { x: -485, y: 29, z: -170 }, data: MoveData }, cost: 46.382847 }), ignoring
[2m2026-07-29T03:24:32.535094Z[0m [33m WARN[0m [2mazalea::pathfinder::execute::patching[0m[2m:[0m path obstructed at index 0 (Edge { movement: Movement { target: BlockPos { x: -485, y: 29, z: -170 }, data: MoveData }, cost: 46.382847 }), ignoring
[2m2026-07-29T03:24:32.565172Z[0m [33m WARN[0m [2mazalea::pathfinder::execute::patching[0m[2m:[0m path obstructed at index 0 (Edge { movement: Movement { target: BlockPos { x: -485, y: 29, z: -170 }, data: MoveData }, cost: 46.382847 }), ignoring
[2m2026-07-29T03:24:32.625829Z[0m [33m WARN[0m [2mazalea::pathfinder::execute::patching[0m[2m:[0m path obstructed at index 0 (Edge { movement: Movement { target: BlockPos { x: -485, y: 29, z: -170 }, data: MoveData }, cost: 46.382847 }), ignoring
[equip] stone_pickaxe not found in inventory (attempt 1), retrying after 200ms
[equip] stone_pickaxe not found in inventory (attempt 2), retrying after 200ms
[2m2026-07-29T03:24:48.670383Z[0m [32m INFO[0m [2mazalea::pathfinder::execute[0m[2m:[0m goal was reached!
[2m2026-07-29T03:24:48.694371Z[0m [32m INFO[0m [2mazalea::pathfinder[0m[2m:[0m got goto YGoal { y: 38 }, starting from BlockPos { x: -487, y: 33, z: -168 }
[2m2026-07-29T03:24:48.749034Z[0m [32m INFO[0m [2mazalea::pathfinder[0m[2m:[0m Pathfinder took 54.36ms
[craft] P23 别名替换：minecraft:oak_planks -> minecraft:dark_oak_planks（背包无前者，用后者替代）
[craft] P23 别名替换：minecraft:oak_planks -> minecraft:dark_oak_planks（背包无前者，用后者替代）
[craft] P23 别名替换：minecraft:oak_planks -> minecraft:dark_oak_planks（背包无前者，用后者替代）
[craft] P23 别名替换：minecraft:oak_planks -> minecraft:dark_oak_planks（背包无前者，用后者替代）
[2m2026-07-29T03:25:09.213024Z[0m [32m INFO[0m [2mazalea::pathfinder::execute[0m[2m:[0m goal was reached!
[2m2026-07-29T03:25:09.237189Z[0m [32m INFO[0m [2mazalea::pathfinder[0m[2m:[0m got goto YGoal { y: 43 }, starting from BlockPos { x: -486, y: 38, z: -172 }
[2m2026-07-29T03:25:09.278193Z[0m [32m INFO[0m [2mazalea::pathfinder[0m[2m:[0m Pathfinder took 40.6609ms
[table_flow] P41: 附近 32 格内找到已放置的 crafting_table 于 (-488,39,-186)，复用之（不重新合成/放置）
[2m2026-07-29T03:25:11.261719Z[0m [32m INFO[0m [2mazalea::pathfinder[0m[2m:[0m Pathfinder took 70.7717ms
[2m2026-07-29T03:25:11.278242Z[0m [33m WARN[0m [2mazalea_client::client[0m[2m:[0m GameTick is more than 10 ticks behind, skipping ticks so we don't have to burst too much
[2m2026-07-29T03:25:40.433269Z[0m [32m INFO[0m [2mazalea::pathfinder::execute[0m[2m:[0m goal was reached!
[2m2026-07-29T03:25:40.457892Z[0m [32m INFO[0m [2mazalea::pathfinder[0m[2m:[0m got goto YGoal { y: 44 }, starting from BlockPos { x: -488, y: 39, z: -185 }
[2m2026-07-29T03:25:40.465165Z[0m [32m INFO[0m [2mazalea::pathfinder[0m[2m:[0m Pathfinder took 6.9705ms
[2m2026-07-29T03:25:44.634807Z[0m [32m INFO[0m [2mazalea::pathfinder::execute[0m[2m:[0m goal was reached!
[2m2026-07-29T03:25:44.659339Z[0m [32m INFO[0m [2mazalea::pathfinder[0m[2m:[0m got goto YGoal { y: 49 }, starting from BlockPos { x: -495, y: 44, z: -182 }
[2m2026-07-29T03:25:44.668779Z[0m [32m INFO[0m [2mazalea::pathfinder[0m[2m:[0m Pathfinder took 9.1404ms
[2m2026-07-29T03:25:53.999087Z[0m [32m INFO[0m [2mazalea::pathfinder::execute[0m[2m:[0m goal was reached!
[2m2026-07-29T03:25:54.024135Z[0m [32m INFO[0m [2mazalea::pathfinder[0m[2m:[0m got goto YGoal { y: 54 }, starting from BlockPos { x: -484, y: 49, z: -178 }
[2m2026-07-29T03:25:54.047054Z[0m [32m INFO[0m [2mazalea::pathfinder[0m[2m:[0m Pathfinder took 22.6104ms
[2m2026-07-29T03:26:15.196238Z[0m [32m INFO[0m [2mazalea::pathfinder::execute[0m[2m:[0m goal was reached!
[2m2026-07-29T03:26:15.245932Z[0m [32m INFO[0m [2mazalea::pathfinder[0m[2m:[0m got goto YGoal { y: 59 }, starting from BlockPos { x: -480, y: 54, z: -187 }
[2m2026-07-29T03:26:15.246078Z[0m [32m INFO[0m [2mazalea::pathfinder[0m[2m:[0m got goto YGoal { y: 59 }, starting from BlockPos { x: -480, y: 54, z: -187 }
[2m2026-07-29T03:26:15.339591Z[0m [32m INFO[0m [2mazalea::pathfinder[0m[2m:[0m Pathfinder took 91.6726ms
[2m2026-07-29T03:26:15.339658Z[0m [32m INFO[0m [2mazalea::pathfinder[0m[2m:[0m Pathfinder took 91.8253ms
[2m2026-07-29T03:26:15.339701Z[0m [33m WARN[0m [2mazalea::pathfinder[0m[2m:[0m finished calculating a path, but it's outdated
[table_flow] P41: 附近 32 格内找到已放置的 crafting_table 于 (-488,39,-186)，复用之（不重新合成/放置）
[2m2026-07-29T03:26:56.606518Z[0m [32m INFO[0m [2mazalea::pathfinder[0m[2m:[0m Pathfinder took 6.5276ms
[2m2026-07-29T03:26:56.622195Z[0m [33m WARN[0m [2mazalea_client::client[0m[2m:[0m GameTick is more than 10 ticks behind, skipping ticks so we don't have to burst too much
[2m2026-07-29T03:26:58.346003Z[0m [33m WARN[0m [2mazalea::pathfinder[0m[2m:[0m channel lagged by 1
[2m2026-07-29T03:26:58.456206Z[0m [33m WARN[0m [2mazalea::pathfinder[0m[2m:[0m channel lagged by 1
[2m2026-07-29T03:26:58.590662Z[0m [33m WARN[0m [2mazalea::pathfinder[0m[2m:[0m channel lagged by 2
[2m2026-07-29T03:26:58.685068Z[0m [33m WARN[0m [2mazalea::pathfinder[0m[2m:[0m channel lagged by 1
[2m2026-07-29T03:27:01.625077Z[0m [32m INFO[0m [2mazalea::pathfinder[0m[2m:[0m Pathfinder took 3.2534ms
[2m2026-07-29T03:27:02.042363Z[0m [32m INFO[0m [2mazalea::pathfinder::execute[0m[2m:[0m goal was reached!
[2m2026-07-29T03:27:02.067311Z[0m [32m INFO[0m [2mazalea::pathfinder[0m[2m:[0m got goto YGoal { y: 44 }, starting from BlockPos { x: -488, y: 39, z: -185 }
[2m2026-07-29T03:27:02.075482Z[0m [32m INFO[0m [2mazalea::pathfinder[0m[2m:[0m Pathfinder took 7.8839ms
[craft 3x3] P48: 'stone_pickaxe' 命中 RecipeBook (shaped)，走 book 路径
[2m2026-07-29T03:27:05.043168Z[0m [32m INFO[0m [2mazalea::pathfinder::execute[0m[2m:[0m goal was reached!
[2m2026-07-29T03:27:05.066923Z[0m [32m INFO[0m [2mazalea::pathfinder[0m[2m:[0m got goto YGoal { y: 49 }, starting from BlockPos { x: -485, y: 44, z: -180 }
[2m2026-07-29T03:27:05.073450Z[0m [32m INFO[0m [2mazalea::pathfinder[0m[2m:[0m Pathfinder took 6.1692ms
[2m2026-07-29T03:27:05.099493Z[0m [33m WARN[0m [2mazalea_client::plugins::inventory[0m[2m:[0m Got SetContainerContentEvent for container with ID 1, but the current container ID is 0
[2m2026-07-29T03:27:05.099664Z[0m [33m WARN[0m [2mazalea_client::plugins::inventory[0m[2m:[0m Got SetContainerContentEvent for container with ID 1, but the current container ID is 0
[2m2026-07-29T03:27:07.453041Z[0m [32m INFO[0m [2mazalea::pathfinder::execute[0m[2m:[0m goal was reached!
[2m2026-07-29T03:27:07.475321Z[0m [32m INFO[0m [2mazalea::pathfinder[0m[2m:[0m got goto YGoal { y: 54 }, starting from BlockPos { x: -484, y: 49, z: -178 }
[2m2026-07-29T03:27:07.482872Z[0m [32m INFO[0m [2mazalea::pathfinder[0m[2m:[0m Pathfinder took 7.2545ms
[2m2026-07-29T03:27:15.404470Z[0m [32m INFO[0m [2mazalea::pathfinder::execute[0m[2m:[0m goal was reached!
[2m2026-07-29T03:27:15.496223Z[0m [32m INFO[0m [2mazalea::pathfinder[0m[2m:[0m got goto YGoal { y: 59 }, starting from BlockPos { x: -480, y: 54, z: -187 }
[2m2026-07-29T03:27:15.496352Z[0m [32m INFO[0m [2mazalea::pathfinder[0m[2m:[0m got goto YGoal { y: 59 }, starting from BlockPos { x: -480, y: 54, z: -187 }
[2m2026-07-29T03:27:15.496423Z[0m [32m INFO[0m [2mazalea::pathfinder[0m[2m:[0m got goto YGoal { y: 59 }, starting from BlockPos { x: -480, y: 54, z: -187 }
[2m2026-07-29T03:27:15.535986Z[0m [32m INFO[0m [2mazalea::pathfinder[0m[2m:[0m Pathfinder took 37.7592ms
[2m2026-07-29T03:27:15.536035Z[0m [33m WARN[0m [2mazalea::pathfinder[0m[2m:[0m finished calculating a path, but it's outdated
[2m2026-07-29T03:27:15.539804Z[0m [32m INFO[0m [2mazalea::pathfinder[0m[2m:[0m Pathfinder took 41.484ms
[2m2026-07-29T03:27:15.540715Z[0m [32m INFO[0m [2mazalea::pathfinder[0m[2m:[0m Pathfinder took 42.4972ms
[2m2026-07-29T03:27:15.540755Z[0m [33m WARN[0m [2mazalea::pathfinder[0m[2m:[0m finished calculating a path, but it's outdated
[2m2026-07-29T03:27:25.448793Z[0m [32m INFO[0m [2mazalea::pathfinder[0m[2m:[0m Pathfinder took 157.4992ms (incomplete path)
[2m2026-07-29T03:27:25.449143Z[0m [32m INFO[0m [2mazalea::pathfinder[0m[2m:[0m got goto BlockPosGoal(BlockPos { x: -465, y: 56, z: -181 }), starting from BlockPos { x: -475, y: 59, z: -187 } (currently at BlockPos { x: -476, y: 58, z: -187 })
[2m2026-07-29T03:27:25.744439Z[0m [32m INFO[0m [2mazalea::pathfinder[0m[2m:[0m Pathfinder took 294.9362ms
[2m2026-07-29T03:27:28.160127Z[0m [32m INFO[0m [2mazalea::pathfinder[0m[2m:[0m Pathfinder took 25.6794ms
[2m2026-07-29T03:27:29.528307Z[0m [33m WARN[0m [2mazalea::pathfinder::execute::patching[0m[2m:[0m path obstructed at index 0 (Edge { movement: Movement { target: BlockPos { x: -473, y: 60, z: -187 }, data: MoveData }, cost: 46.382847 }), ignoring
[2m2026-07-29T03:27:29.588584Z[0m [33m WARN[0m [2mazalea::pathfinder::execute::patching[0m[2m:[0m path obstructed at index 0 (Edge { movement: Movement { target: BlockPos { x: -473, y: 60, z: -187 }, data: MoveData }, cost: 46.382847 }), ignoring
[2m2026-07-29T03:27:29.623622Z[0m [33m WARN[0m [2mazalea::pathfinder::execute::patching[0m[2m:[0m path obstructed at index 0 (Edge { movement: Movement { target: BlockPos { x: -473, y: 60, z: -187 }, data: MoveData }, cost: 46.382847 }), ignoring
[2m2026-07-29T03:27:29.686993Z[0m [33m WARN[0m [2mazalea::pathfinder::execute::patching[0m[2m:[0m path obstructed at index 0 (Edge { movement: Movement { target: BlockPos { x: -473, y: 60, z: -187 }, data: MoveData }, cost: 46.382847 }), ignoring
[2m2026-07-29T03:27:29.747124Z[0m [33m WARN[0m [2mazalea::pathfinder::execute::patching[0m[2m:[0m path obstructed at index 0 (Edge { movement: Movement { target: BlockPos { x: -473, y: 60, z: -187 }, data: MoveData }, cost: 46.382847 }), ignoring
[2m2026-07-29T03:27:29.778972Z[0m [33m WARN[0m [2mazalea::pathfinder::execute::patching[0m[2m:[0m path obstructed at index 0 (Edge { movement: Movement { target: BlockPos { x: -473, y: 60, z: -187 }, data: MoveData }, cost: 46.382847 }), ignoring
[2m2026-07-29T03:27:29.838608Z[0m [33m WARN[0m [2mazalea::pathfinder::execute::patching[0m[2m:[0m path obstructed at index 0 (Edge { movement: Movement { target: BlockPos { x: -473, y: 60, z: -187 }, data: MoveData }, cost: 46.382847 }), ignoring
[2m2026-07-29T03:27:29.874223Z[0m [33m WARN[0m [2mazalea::pathfinder::execute::patching[0m[2m:[0m path obstructed at index 0 (Edge { movement: Movement { target: BlockPos { x: -473, y: 60, z: -187 }, data: MoveData }, cost: 46.382847 }), ignoring
[2m2026-07-29T03:27:29.931093Z[0m [33m WARN[0m [2mazalea::pathfinder::execute::patching[0m[2m:[0m path obstructed at index 0 (Edge { movement: Movement { target: BlockPos { x: -473, y: 60, z: -187 }, data: MoveData }, cost: 46.382847 }), ignoring
[2m2026-07-29T03:27:29.991452Z[0m [33m WARN[0m [2mazalea::pathfinder::execute::patching[0m[2m:[0m path obstructed at index 0 (Edge { movement: Movement { target: BlockPos { x: -473, y: 60, z: -187 }, data: MoveData }, cost: 46.382847 }), ignoring
[2m2026-07-29T03:27:30.024529Z[0m [33m WARN[0m [2mazalea::pathfinder::execute::patching[0m[2m:[0m path obstructed at index 0 (Edge { movement: Movement { target: BlockPos { x: -473, y: 60, z: -187 }, data: MoveData }, cost: 46.382847 }), ignoring
[2m2026-07-29T03:27:30.084566Z[0m [33m WARN[0m [2mazalea::pathfinder::execute::patching[0m[2m:[0m path obstructed at index 0 (Edge { movement: Movement { target: BlockPos { x: -473, y: 60, z: -187 }, data: MoveData }, cost: 46.382847 }), ignoring
[2m2026-07-29T03:27:30.143632Z[0m [33m WARN[0m [2mazalea::pathfinder::execute::patching[0m[2m:[0m path obstructed at index 0 (Edge { movement: Movement { target: BlockPos { x: -473, y: 60, z: -187 }, data: MoveData }, cost: 46.382847 }), ignoring
[2m2026-07-29T03:27:30.175248Z[0m [33m WARN[0m [2mazalea::pathfinder::execute::patching[0m[2m:[0m path obstructed at index 0 (Edge { movement: Movement { target: BlockPos { x: -473, y: 60, z: -187 }, data: MoveData }, cost: 46.382847 }), ignoring
[2m2026-07-29T03:27:30.235857Z[0m [33m WARN[0m [2mazalea::pathfinder::execute::patching[0m[2m:[0m path obstructed at index 0 (Edge { movement: Movement { target: BlockPos { x: -473, y: 60, z: -187 }, data: MoveData }, cost: 46.382847 }), ignoring
[2m2026-07-29T03:27:30.299436Z[0m [33m WARN[0m [2mazalea::pathfinder::execute::patching[0m[2m:[0m path obstructed at index 0 (Edge { movement: Movement { target: BlockPos { x: -473, y: 60, z: -187 }, data: MoveData }, cost: 46.382847 }), ignoring
[2m2026-07-29T03:27:30.330268Z[0m [33m WARN[0m [2mazalea::pathfinder::execute::patching[0m[2m:[0m path obstructed at index 0 (Edge { movement: Movement { target: BlockPos { x: -473, y: 60, z: -187 }, data: MoveData }, cost: 46.382847 }), ignoring
[2m2026-07-29T03:27:30.391530Z[0m [33m WARN[0m [2mazalea::pathfinder::execute::patching[0m[2m:[0m path obstructed at index 0 (Edge { movement: Movement { target: BlockPos { x: -473, y: 60, z: -187 }, data: MoveData }, cost: 46.382847 }), ignoring
[2m2026-07-29T03:27:30.422855Z[0m [33m WARN[0m [2mazalea::pathfinder::execute::patching[0m[2m:[0m path obstructed at index 0 (Edge { movement: Movement { target: BlockPos { x: -473, y: 60, z: -187 }, data: MoveData }, cost: 46.382847 }), ignoring
[2m2026-07-29T03:27:30.484062Z[0m [33m WARN[0m [2mazalea::pathfinder::execute::patching[0m[2m:[0m path obstructed at index 0 (Edge { movement: Movement { target: BlockPos { x: -473, y: 60, z: -187 }, data: MoveData }, cost: 46.382847 }), ignoring
[2m2026-07-29T03:27:30.545935Z[0m [33m WARN[0m [2mazalea::pathfinder::execute::patching[0m[2m:[0m path obstructed at index 0 (Edge { movement: Movement { target: BlockPos { x: -473, y: 60, z: -187 }, data: MoveData }, cost: 46.382847 }), ignoring
[2m2026-07-29T03:27:30.576612Z[0m [33m WARN[0m [2mazalea::pathfinder::execute::patching[0m[2m:[0m path obstructed at index 0 (Edge { movement: Movement { target: BlockPos { x: -473, y: 60, z: -187 }, data: MoveData }, cost: 46.382847 }), ignoring
[2m2026-07-29T03:27:30.638158Z[0m [33m WARN[0m [2mazalea::pathfinder::execute::patching[0m[2m:[0m path obstructed at index 0 (Edge { movement: Movement { target: BlockPos { x: -473, y: 60, z: -187 }, data: MoveData }, cost: 46.382847 }), ignoring
[2m2026-07-29T03:27:30.672789Z[0m [33m WARN[0m [2mazalea::pathfinder::execute::patching[0m[2m:[0m path obstructed at index 0 (Edge { movement: Movement { target: BlockPos { x: -473, y: 60, z: -187 }, data: MoveData }, cost: 46.382847 }), ignoring
[2m2026-07-29T03:27:30.736197Z[0m [33m WARN[0m [2mazalea::pathfinder::execute::patching[0m[2m:[0m path obstructed at index 0 (Edge { movement: Movement { target: BlockPos { x: -473, y: 60, z: -187 }, data: MoveData }, cost: 46.382847 }), ignoring
[2m2026-07-29T03:27:30.795311Z[0m [33m WARN[0m [2mazalea::pathfinder::execute::patching[0m[2m:[0m path obstructed at index 0 (Edge { movement: Movement { target: BlockPos { x: -473, y: 60, z: -187 }, data: MoveData }, cost: 46.382847 }), ignoring
[2m2026-07-29T03:27:30.827828Z[0m [33m WARN[0m [2mazalea::pathfinder::execute::patching[0m[2m:[0m path obstructed at index 0 (Edge { movement: Movement { target: BlockPos { x: -473, y: 60, z: -187 }, data: MoveData }, cost: 46.382847 }), ignoring
[2m2026-07-29T03:27:30.890711Z[0m [33m WARN[0m [2mazalea::pathfinder::execute::patching[0m[2m:[0m path obstructed at index 0 (Edge { movement: Movement { target: BlockPos { x: -473, y: 60, z: -187 }, data: MoveData }, cost: 46.382847 }), ignoring
[2m2026-07-29T03:27:30.927891Z[0m [33m WARN[0m [2mazalea::pathfinder::execute::patching[0m[2m:[0m path obstructed at index 0 (Edge { movement: Movement { target: BlockPos { x: -473, y: 60, z: -187 }, data: MoveData }, cost: 46.382847 }), ignoring
[2m2026-07-29T03:27:31.000306Z[0m [33m WARN[0m [2mazalea::pathfinder::execute::patching[0m[2m:[0m path obstructed at index 0 (Edge { movement: Movement { target: BlockPos { x: -473, y: 60, z: -187 }, data: MoveData }, cost: 46.382847 }), ignoring
[2m2026-07-29T03:27:31.031163Z[0m [33m WARN[0m [2mazalea::pathfinder::execute::patching[0m[2m:[0m path obstructed at index 0 (Edge { movement: Movement { target: BlockPos { x: -473, y: 60, z: -187 }, data: MoveData }, cost: 46.382847 }), ignoring
[2m2026-07-29T03:27:31.092302Z[0m [33m WARN[0m [2mazalea::pathfinder::execute::patching[0m[2m:[0m path obstructed at index 0 (Edge { movement: Movement { target: BlockPos { x: -473, y: 60, z: -187 }, data: MoveData }, cost: 46.382847 }), ignoring
[2m2026-07-29T03:27:31.126739Z[0m [33m WARN[0m [2mazalea::pathfinder::execute::patching[0m[2m:[0m path obstructed at index 0 (Edge { movement: Movement { target: BlockPos { x: -473, y: 60, z: -187 }, data: MoveData }, cost: 46.382847 }), ignoring
[2m2026-07-29T03:27:31.185249Z[0m [33m WARN[0m [2mazalea::pathfinder::execute::patching[0m[2m:[0m path obstructed at index 0 (Edge { movement: Movement { target: BlockPos { x: -473, y: 60, z: -187 }, data: MoveData }, cost: 46.382847 }), ignoring
[2m2026-07-29T03:27:31.239867Z[0m [33m WARN[0m [2mazalea::pathfinder::execute::patching[0m[2m:[0m path obstructed at index 0 (Edge { movement: Movement { target: BlockPos { x: -473, y: 60, z: -187 }, data: MoveData }, cost: 46.382847 }), ignoring
[2m2026-07-29T03:27:31.280125Z[0m [33m WARN[0m [2mazalea::pathfinder::execute::patching[0m[2m:[0m path obstructed at index 0 (Edge { movement: Movement { target: BlockPos { x: -473, y: 60, z: -187 }, data: MoveData }, cost: 46.382847 }), ignoring
[2m2026-07-29T03:27:31.340780Z[0m [33m WARN[0m [2mazalea::pathfinder::execute::patching[0m[2m:[0m path obstructed at index 0 (Edge { movement: Movement { target: BlockPos { x: -473, y: 60, z: -187 }, data: MoveData }, cost: 46.382847 }), ignoring
[2m2026-07-29T03:27:31.578039Z[0m [32m INFO[0m [2mazalea::pathfinder[0m[2m:[0m Pathfinder took 143.6184ms (incomplete path)
[2m2026-07-29T03:27:31.578378Z[0m [32m INFO[0m [2mazalea::pathfinder[0m[2m:[0m got goto BlockPosGoal(BlockPos { x: -465, y: 56, z: -181 }), starting from BlockPos { x: -474, y: 63, z: -187 } (currently at BlockPos { x: -474, y: 58, z: -187 })
[2m2026-07-29T03:27:31.586542Z[0m [33m WARN[0m [2mazalea::pathfinder::execute::patching[0m[2m:[0m path obstructed at index 0 (Edge { movement: Movement { target: BlockPos { x: -473, y: 60, z: -187 }, data: MoveData }, cost: 46.382847 }), ignoring
[2m2026-07-29T03:27:31.598730Z[0m [33m WARN[0m [2mazalea::pathfinder::execute::patching[0m[2m:[0m path obstructed at index 0 (Edge { movement: Movement { target: BlockPos { x: -473, y: 60, z: -187 }, data: MoveData }, cost: 46.382847 }), ignoring
[2m2026-07-29T03:27:31.618571Z[0m [33m WARN[0m [2mazalea::pathfinder::execute::patching[0m[2m:[0m path obstructed at index 0 (Edge { movement: Movement { target: BlockPos { x: -473, y: 60, z: -187 }, data: MoveData }, cost: 46.382847 }), ignoring
[2m2026-07-29T03:27:31.629851Z[0m [33m WARN[0m [2mazalea::pathfinder::execute::patching[0m[2m:[0m path obstructed at index 0 (Edge { movement: Movement { target: BlockPos { x: -473, y: 60, z: -187 }, data: MoveData }, cost: 46.382847 }), ignoring
[2m2026-07-29T03:27:31.649628Z[0m [33m WARN[0m [2mazalea::pathfinder::execute::patching[0m[2m:[0m path obstructed at index 0 (Edge { movement: Movement { target: BlockPos { x: -473, y: 60, z: -187 }, data: MoveData }, cost: 46.382847 }), ignoring
[2m2026-07-29T03:27:31.662454Z[0m [33m WARN[0m [2mazalea::pathfinder::execute::patching[0m[2m:[0m path obstructed at index 0 (Edge { movement: Movement { target: BlockPos { x: -473, y: 60, z: -187 }, data: MoveData }, cost: 46.382847 }), ignoring
[2m2026-07-29T03:27:31.680074Z[0m [33m WARN[0m [2mazalea::pathfinder::execute::patching[0m[2m:[0m path obstructed at index 0 (Edge { movement: Movement { target: BlockPos { x: -473, y: 60, z: -187 }, data: MoveData }, cost: 46.382847 }), ignoring
[2m2026-07-29T03:27:31.741926Z[0m [33m WARN[0m [2mazalea::pathfinder::execute::patching[0m[2m:[0m path obstructed at index 0 (Edge { movement: Movement { target: BlockPos { x: -473, y: 60, z: -187 }, data: MoveData }, cost: 46.382847 }), ignoring
[2m2026-07-29T03:27:31.773858Z[0m [33m WARN[0m [2mazalea::pathfinder::execute::patching[0m[2m:[0m path obstructed at index 0 (Edge { movement: Movement { target: BlockPos { x: -473, y: 60, z: -187 }, data: MoveData }, cost: 46.382847 }), ignoring
[2m2026-07-29T03:27:31.834661Z[0m [32m INFO[0m [2mazalea::pathfinder[0m[2m:[0m Pathfinder took 256.0246ms
[2m2026-07-29T03:27:31.835650Z[0m [33m WARN[0m [2mazalea::pathfinder::execute::patching[0m[2m:[0m path obstructed at index 0 (Edge { movement: Movement { target: BlockPos { x: -473, y: 60, z: -187 }, data: MoveData }, cost: 46.382847 }), ignoring
[2m2026-07-29T03:27:31.893350Z[0m [33m WARN[0m [2mazalea::pathfinder::execute[0m[2m:[0m pathfinder timeout, trying to patch path
[2m2026-07-29T03:27:31.913150Z[0m [32m INFO[0m [2mazalea::pathfinder[0m[2m:[0m Pathfinder took 19.54ms
[2m2026-07-29T03:27:31.917031Z[0m [33m WARN[0m [2mazalea::pathfinder::execute::patching[0m[2m:[0m path obstructed at index 6 (starting at BlockPos { x: -474, y: 58, z: -187 })
[2m2026-07-29T03:27:33.767240Z[0m [32m INFO[0m [2mazalea::pathfinder[0m[2m:[0m Pathfinder took 135.6402ms (incomplete path)
[2m2026-07-29T03:27:33.767532Z[0m [32m INFO[0m [2mazalea::pathfinder[0m[2m:[0m got goto BlockPosGoal(BlockPos { x: -465, y: 56, z: -181 }), starting from BlockPos { x: -474, y: 63, z: -187 } (currently at BlockPos { x: -475, y: 59, z: -188 })
[2m2026-07-29T03:27:33.994849Z[0m [32m INFO[0m [2mazalea::pathfinder[0m[2m:[0m Pathfinder took 227.0791ms
[2m2026-07-29T03:27:34.361365Z[0m [32m INFO[0m [2mazalea::pathfinder[0m[2m:[0m Pathfinder took 13.3145ms
[2m2026-07-29T03:27:37.899924Z[0m [32m INFO[0m [2mazalea::pathfinder[0m[2m:[0m Pathfinder took 156.7556ms (incomplete path)
[2m2026-07-29T03:27:37.900194Z[0m [32m INFO[0m [2mazalea::pathfinder[0m[2m:[0m got goto BlockPosGoal(BlockPos { x: -465, y: 56, z: -181 }), starting from BlockPos { x: -477, y: 64, z: -189 } (currently at BlockPos { x: -474, y: 60, z: -188 })
[2m2026-07-29T03:27:38.198259Z[0m [32m INFO[0m [2mazalea::pathfinder[0m[2m:[0m Pathfinder took 297.7347ms
[2m2026-07-29T03:27:40.624251Z[0m [32m INFO[0m [2mazalea::pathfinder[0m[2m:[0m Pathfinder took 18.0079ms
[2m2026-07-29T03:27:44.139986Z[0m [32m INFO[0m [2mazalea::pathfinder[0m[2m:[0m Pathfinder took 154.0575ms (incomplete path)
[2m2026-07-29T03:27:44.140299Z[0m [32m INFO[0m [2mazalea::pathfinder[0m[2m:[0m got goto BlockPosGoal(BlockPos { x: -465, y: 56, z: -181 }), starting from BlockPos { x: -472, y: 66, z: -190 } (currently at BlockPos { x: -475, y: 63, z: -190 })
[2m2026-07-29T03:27:44.453916Z[0m [32m INFO[0m [2mazalea::pathfinder[0m[2m:[0m Pathfinder took 313.3631ms
[2m2026-07-29T03:27:45.927268Z[0m [33m WARN[0m [2mazalea::pathfinder::execute::patching[0m[2m:[0m path obstructed at index 4 (starting at BlockPos { x: -474, y: 64, z: -190 })
[2m2026-07-29T03:27:46.034296Z[0m [32m INFO[0m [2mazalea::pathfinder[0m[2m:[0m Pathfinder took 106.7993ms
[2m2026-07-29T03:27:46.046142Z[0m [33m WARN[0m [2mazalea::pathfinder::execute::patching[0m[2m:[0m path obstructed at index 20 (starting at BlockPos { x: -474, y: 64, z: -190 })
[2m2026-07-29T03:27:46.051135Z[0m [32m INFO[0m [2mazalea::pathfinder[0m[2m:[0m Pathfinder took 4.7263ms
[2m2026-07-29T03:27:46.065730Z[0m [33m WARN[0m [2mazalea::pathfinder::execute::patching[0m[2m:[0m path obstructed at index 24 (starting at BlockPos { x: -474, y: 64, z: -190 })
[2m2026-07-29T03:27:46.974131Z[0m [32m INFO[0m [2mazalea::pathfinder[0m[2m:[0m Pathfinder took 11.2878ms
[Round 4] Phase 2b END: steps=17
[Round 4] Phase 2b END
[Round 4] Session Analysis: steps=16 tools=16 errors=5 gather=0 craft=3 mine=2 goto=4 pos_changes=2 stuck=false progress=true
Round 4: build=OK test=0/0 anomalies=0 hypotheses=0/0 knowledge=0

=== Round 5 ===
[Round 5] Phase 0 START
[Round 5] Phase 0 END: build=true, test=false
[Round 5] Phase 2b START
[Round 5] Phase 2b START
[Round 5] Starting viewer: user=CraftAgent, port=8080
[Round 5] Viewer started PID=7056
