==================================================
|       Craft-Agent fully automated diagnostic toolchain
|       2026-07-28 23:56:31
==================================================
[Goal] Explore the world, gather wood and craft a crafting table
[Steps] 用户指定 = 30

============================================
  Iteration 1 / 3
============================================

============================================
  1. Build verification
============================================
  Building ... [FAIL] (26s)
    error: failed to remove file `D:\Craft-Agent\target\debug\craft-agent-viewer.exe`
      拒绝访问。 (os error 5)

============================================
  2. Run tests
============================================
  Running full test suite ...
  Result: 0 / 0 passed, 0 failed (13s)

============================================
  3. Analyze session
============================================
  Loaded bot_trace: 1 sample points
============================================================
  Craft-Agent Session diagnostic report
  File: sessions/mc_run.jsonl
  Generated: 2026-07-28 23:57:11
============================================================

[Overview]
  Total steps:       7
  Total tool calls:  7
  Tool failures:     3
  Failure rate:      42.9%
  input tokens:      116591
  output tokens:     2084

[Tool call distribution]
  goto               calls=2    errors=1   (50%) [!]
  craft              calls=1    errors=0   (0%)
  gather             calls=1    errors=1   (100%) [!]
  open               calls=1    errors=0   (0%)
  perceive           calls=1    errors=0   (0%)
  place              calls=1    errors=1   (100%) [!]

[Issue list] Total 1 issue(s)

  [HIGH] high_failure_rate (1 item(s)):
    - goto : 1/2 failed (50%)
        why[1]: Action output: goto (-490,95,-150) 超时——路径被阻或目标不可达。可能在地下：先用 perceive 确认位置，若 Y<62 说明在地下，需用 mine_above 挖回地表再用 goto。
      Suggested fix: crates/craft-agent-minecraft/src/azalea/ -- Check timeout, pathfinding, server sync issues for the corresponding tool, or add retry logic

[Severity stats]
  CRITICAL: 0  (pseudo call/pseudo tool name -- must fix)
  HIGH:     1      (high failure/dead loop/position stuck -- strongly recommend fix)
  MEDIUM:   0    (missed call/timeout/token anomaly -- worth checking)

[position sequence (extracted from perceive)]
  step 1: (-497, 95, -153)

============================================================

[REPORT] Report written to: sessions/reports/scan_20260728_235711.md
  Report written to: sessions/reports/scan_20260728_235711.md
  Severity: CRITICAL=0 HIGH=1 MEDIUM=0

============================================
  4. Consolidated report
============================================
================================================================================
  Craft-Agent auto diagnostic report
  Time: 2026-07-28 23:57:11
  Iteration: 1 / 3
================================================================================

[Build] [FAIL] failed

[Test] 0/0 passed, 0 failed (13s)
[Session] Severity: CRITICAL=0 HIGH=1 MEDIUM=0
  Report: sessions/reports/scan_20260728_235711.md
[Fix suggestions]  - HIGH level issue(s) detected; recommend fixing
================================================================================

  [RECURRING] 跨轮反复 bug（建议 -AutoFix 让 AI 主动修复）：
    - place: 连续 2 轮 [100% -> 50%]
    - goto: 连续 2 轮 [50% -> 100%]

[REPORT] Consolidated report: sessions/reports/diag_20260728_235711.md
